[INFO] Scanning for projects...
[INFO] 
[INFO] ----------------< com.openclassrooms:etudiant-backend >-----------------
[INFO] Building etudiant-backend 1.0.0-SNAPSHOT
[INFO]   from pom.xml
[INFO] --------------------------------[ jar ]---------------------------------
[INFO] 
[INFO] >>> spring-boot:3.5.5:run (default-cli) > test-compile @ etudiant-backend >>>
[INFO] 
[INFO] --- resources:3.3.1:resources (default-resources) @ etudiant-backend ---
[INFO] Copying 1 resource from src\main\resources to target\classes
[INFO] Copying 0 resource from src\main\resources to target\classes
[INFO] 
[INFO] --- compiler:3.14.0:compile (default-compile) @ etudiant-backend ---
[INFO] Recompiling the module because of changed source code.
[INFO] Compiling 20 source files with javac [debug parameters release 21] to target\classes
[INFO] /D:/Formations/Autres/Formation/ExpertDevops/Projets/Projet_2/Back-end---Testez-et-am-liorez-une-application-existante/src/main/java/com/openclassrooms/etudiant/configuration/security/SpringSecurityConfig.java: D:\Formations\Autres\Formation\ExpertDevops\Projets\Projet_2\Back-end---Testez-et-am-liorez-une-application-existante\src\main\java\com\openclassrooms\etudiant\configuration\security\SpringSecurityConfig.java uses or overrides a deprecated API.
[INFO] /D:/Formations/Autres/Formation/ExpertDevops/Projets/Projet_2/Back-end---Testez-et-am-liorez-une-application-existante/src/main/java/com/openclassrooms/etudiant/configuration/security/SpringSecurityConfig.java: Recompile with -Xlint:deprecation for details.
[INFO] 
[INFO] --- resources:3.3.1:testResources (default-testResources) @ etudiant-backend ---
[INFO] skip non existing resourceDirectory D:\Formations\Autres\Formation\ExpertDevops\Projets\Projet_2\Back-end---Testez-et-am-liorez-une-application-existante\src\test\resources
[INFO] 
[INFO] --- compiler:3.14.0:testCompile (default-testCompile) @ etudiant-backend ---
[INFO] Recompiling the module because of changed dependency.
[INFO] Compiling 2 source files with javac [debug parameters release 21] to target\test-classes
[INFO] 
[INFO] <<< spring-boot:3.5.5:run (default-cli) < test-compile @ etudiant-backend <<<
[INFO] 
[INFO] 
[INFO] --- spring-boot:3.5.5:run (default-cli) @ etudiant-backend ---
[INFO] Attaching agents: []

  .   ____          _            __ _ _
 /\\ / ___'_ __ _ _(_)_ __  __ _ \ \ \ \
( ( )\___ | '_ | '_| | '_ \/ _` | \ \ \ \
 \\/  ___)| |_)| | | | | || (_| |  ) ) ) )
  '  |____| .__|_| |_|_| |_\__, | / / / /
 =========|_|==============|___/=/_/_/_/

 :: Spring Boot ::                (v3.5.5)

2026-04-13T19:07:13.930+02:00  INFO 10000 --- [etudiant-backend] [           main] c.o.etudiant.EtudiantBackendApplication  : Starting EtudiantBackendApplication using Java 21.0.10 with PID 10000 (D:\Formations\Autres\Formation\ExpertDevops\Projets\Projet_2\Back-end---Testez-et-am-liorez-une-application-existante\target\classes started by BelkaYasmine in D:\Formations\Autres\Formation\ExpertDevops\Projets\Projet_2\Back-end---Testez-et-am-liorez-une-application-existante)
2026-04-13T19:07:13.940+02:00  INFO 10000 --- [etudiant-backend] [           main] c.o.etudiant.EtudiantBackendApplication  : No active profile set, falling back to 1 default profile: "default"
2026-04-13T19:07:14.114+02:00  INFO 10000 --- [etudiant-backend] [           main] .s.b.d.c.l.DockerComposeLifecycleManager : Using Docker Compose file D:\Formations\Autres\Formation\ExpertDevops\Projets\Projet_2\Back-end---Testez-et-am-liorez-une-application-existante\compose.yaml
2026-04-13T19:07:16.555+02:00  INFO 10000 --- [etudiant-backend] [           main] .s.b.d.c.l.DockerComposeLifecycleManager : There are already Docker Compose services running, skipping startup
2026-04-13T19:07:19.190+02:00  INFO 10000 --- [etudiant-backend] [           main] .s.d.r.c.RepositoryConfigurationDelegate : Bootstrapping Spring Data JPA repositories in DEFAULT mode.
2026-04-13T19:07:19.353+02:00  INFO 10000 --- [etudiant-backend] [           main] .s.d.r.c.RepositoryConfigurationDelegate : Finished Spring Data repository scanning in 131 ms. Found 1 JPA repository interface.
2026-04-13T19:07:20.599+02:00  INFO 10000 --- [etudiant-backend] [           main] o.s.b.w.embedded.tomcat.TomcatWebServer  : Tomcat initialized with port 8080 (http)
2026-04-13T19:07:20.633+02:00  INFO 10000 --- [etudiant-backend] [           main] o.apache.catalina.core.StandardService   : Starting service [Tomcat]
2026-04-13T19:07:20.633+02:00  INFO 10000 --- [etudiant-backend] [           main] o.apache.catalina.core.StandardEngine    : Starting Servlet engine: [Apache Tomcat/10.1.44]
2026-04-13T19:07:20.780+02:00  INFO 10000 --- [etudiant-backend] [           main] o.a.c.c.C.[Tomcat].[localhost].[/]       : Initializing Spring embedded WebApplicationContext
2026-04-13T19:07:20.782+02:00  INFO 10000 --- [etudiant-backend] [           main] w.s.c.ServletWebServerApplicationContext : Root WebApplicationContext: initialization completed in 4147 ms
2026-04-13T19:07:21.312+02:00  INFO 10000 --- [etudiant-backend] [           main] o.hibernate.jpa.internal.util.LogHelper  : HHH000204: Processing PersistenceUnitInfo [name: default]
2026-04-13T19:07:21.497+02:00  INFO 10000 --- [etudiant-backend] [           main] org.hibernate.Version                    : HHH000412: Hibernate ORM core version 6.6.26.Final
2026-04-13T19:07:21.586+02:00  INFO 10000 --- [etudiant-backend] [           main] o.h.c.internal.RegionFactoryInitiator    : HHH000026: Second-level cache disabled
2026-04-13T19:07:22.151+02:00  INFO 10000 --- [etudiant-backend] [           main] o.s.o.j.p.SpringPersistenceUnitInfo      : No LoadTimeWeaver setup: ignoring JPA class transformer
2026-04-13T19:07:22.223+02:00  INFO 10000 --- [etudiant-backend] [           main] com.zaxxer.hikari.HikariDataSource       : HikariPool-1 - Starting...
2026-04-13T19:07:23.074+02:00  INFO 10000 --- [etudiant-backend] [           main] com.zaxxer.hikari.pool.HikariPool        : HikariPool-1 - Added connection com.mysql.cj.jdbc.ConnectionImpl@1a88d194
2026-04-13T19:07:23.079+02:00  INFO 10000 --- [etudiant-backend] [           main] com.zaxxer.hikari.HikariDataSource       : HikariPool-1 - Start completed.
2026-04-13T19:07:23.329+02:00  INFO 10000 --- [etudiant-backend] [           main] org.hibernate.orm.connections.pooling    : HHH10001005: Database info:
	Database JDBC URL [Connecting through datasource 'HikariDataSource (HikariPool-1)']
	Database driver: undefined/unknown
	Database version: 9.6
	Autocommit mode: undefined/unknown
	Isolation level: undefined/unknown
	Minimum pool size: undefined/unknown
	Maximum pool size: undefined/unknown
2026-04-13T19:07:26.286+02:00  INFO 10000 --- [etudiant-backend] [           main] o.h.e.t.j.p.i.JtaPlatformInitiator       : HHH000489: No JTA platform available (set 'hibernate.transaction.jta.platform' to enable JTA platform integration)
2026-04-13T19:07:26.601+02:00  INFO 10000 --- [etudiant-backend] [           main] j.LocalContainerEntityManagerFactoryBean : Initialized JPA EntityManagerFactory for persistence unit 'default'
2026-04-13T19:07:27.804+02:00  WARN 10000 --- [etudiant-backend] [           main] ConfigServletWebServerApplicationContext : Exception encountered during context initialization - cancelling refresh attempt: org.springframework.beans.factory.UnsatisfiedDependencyException: Error creating bean with name 'userController' defined in file [D:\Formations\Autres\Formation\ExpertDevops\Projets\Projet_2\Back-end---Testez-et-am-liorez-une-application-existante\target\classes\com\openclassrooms\etudiant\controller\UserController.class]: Unsatisfied dependency expressed through constructor parameter 0: Error creating bean with name 'userService' defined in file [D:\Formations\Autres\Formation\ExpertDevops\Projets\Projet_2\Back-end---Testez-et-am-liorez-une-application-existante\target\classes\com\openclassrooms\etudiant\service\UserService.class]: Unsatisfied dependency expressed through constructor parameter 2: Error creating bean with name 'jwtService' defined in file [D:\Formations\Autres\Formation\ExpertDevops\Projets\Projet_2\Back-end---Testez-et-am-liorez-une-application-existante\target\classes\com\openclassrooms\etudiant\service\JwtService.class]: Failed to instantiate [com.openclassrooms.etudiant.service.JwtService]: Constructor threw exception
2026-04-13T19:07:27.806+02:00  INFO 10000 --- [etudiant-backend] [           main] j.LocalContainerEntityManagerFactoryBean : Closing JPA EntityManagerFactory for persistence unit 'default'
2026-04-13T19:07:27.810+02:00  INFO 10000 --- [etudiant-backend] [           main] com.zaxxer.hikari.HikariDataSource       : HikariPool-1 - Shutdown initiated...
2026-04-13T19:07:27.858+02:00  INFO 10000 --- [etudiant-backend] [           main] com.zaxxer.hikari.HikariDataSource       : HikariPool-1 - Shutdown completed.
2026-04-13T19:07:27.863+02:00  INFO 10000 --- [etudiant-backend] [           main] o.apache.catalina.core.StandardService   : Stopping service [Tomcat]
2026-04-13T19:07:27.903+02:00  INFO 10000 --- [etudiant-backend] [           main] .s.b.a.l.ConditionEvaluationReportLogger : 

Error starting ApplicationContext. To display the condition evaluation report re-run your application with 'debug' enabled.
2026-04-13T19:07:27.968+02:00 ERROR 10000 --- [etudiant-backend] [           main] o.s.boot.SpringApplication               : Application run failed

org.springframework.beans.factory.UnsatisfiedDependencyException: Error creating bean with name 'userController' defined in file [D:\Formations\Autres\Formation\ExpertDevops\Projets\Projet_2\Back-end---Testez-et-am-liorez-une-application-existante\target\classes\com\openclassrooms\etudiant\controller\UserController.class]: Unsatisfied dependency expressed through constructor parameter 0: Error creating bean with name 'userService' defined in file [D:\Formations\Autres\Formation\ExpertDevops\Projets\Projet_2\Back-end---Testez-et-am-liorez-une-application-existante\target\classes\com\openclassrooms\etudiant\service\UserService.class]: Unsatisfied dependency expressed through constructor parameter 2: Error creating bean with name 'jwtService' defined in file [D:\Formations\Autres\Formation\ExpertDevops\Projets\Projet_2\Back-end---Testez-et-am-liorez-une-application-existante\target\classes\com\openclassrooms\etudiant\service\JwtService.class]: Failed to instantiate [com.openclassrooms.etudiant.service.JwtService]: Constructor threw exception
	at org.springframework.beans.factory.support.ConstructorResolver.createArgumentArray(ConstructorResolver.java:804) ~[spring-beans-6.2.10.jar:6.2.10]
	at org.springframework.beans.factory.support.ConstructorResolver.autowireConstructor(ConstructorResolver.java:240) ~[spring-beans-6.2.10.jar:6.2.10]
	at org.springframework.beans.factory.support.AbstractAutowireCapableBeanFactory.autowireConstructor(AbstractAutowireCapableBeanFactory.java:1395) ~[spring-beans-6.2.10.jar:6.2.10]
	at org.springframework.beans.factory.support.AbstractAutowireCapableBeanFactory.createBeanInstance(AbstractAutowireCapableBeanFactory.java:1232) ~[spring-beans-6.2.10.jar:6.2.10]
	at org.springframework.beans.factory.support.AbstractAutowireCapableBeanFactory.doCreateBean(AbstractAutowireCapableBeanFactory.java:569) ~[spring-beans-6.2.10.jar:6.2.10]
	at org.springframework.beans.factory.support.AbstractAutowireCapableBeanFactory.createBean(AbstractAutowireCapableBeanFactory.java:529) ~[spring-beans-6.2.10.jar:6.2.10]
	at org.springframework.beans.factory.support.AbstractBeanFactory.lambda$doGetBean$0(AbstractBeanFactory.java:339) ~[spring-beans-6.2.10.jar:6.2.10]
	at org.springframework.beans.factory.support.DefaultSingletonBeanRegistry.getSingleton(DefaultSingletonBeanRegistry.java:373) ~[spring-beans-6.2.10.jar:6.2.10]
	at org.springframework.beans.factory.support.AbstractBeanFactory.doGetBean(AbstractBeanFactory.java:337) ~[spring-beans-6.2.10.jar:6.2.10]
	at org.springframework.beans.factory.support.AbstractBeanFactory.getBean(AbstractBeanFactory.java:202) ~[spring-beans-6.2.10.jar:6.2.10]
	at org.springframework.beans.factory.support.DefaultListableBeanFactory.instantiateSingleton(DefaultListableBeanFactory.java:1222) ~[spring-beans-6.2.10.jar:6.2.10]
	at org.springframework.beans.factory.support.DefaultListableBeanFactory.preInstantiateSingleton(DefaultListableBeanFactory.java:1188) ~[spring-beans-6.2.10.jar:6.2.10]
	at org.springframework.beans.factory.support.DefaultListableBeanFactory.preInstantiateSingletons(DefaultListableBeanFactory.java:1123) ~[spring-beans-6.2.10.jar:6.2.10]
	at org.springframework.context.support.AbstractApplicationContext.finishBeanFactoryInitialization(AbstractApplicationContext.java:987) ~[spring-context-6.2.10.jar:6.2.10]
	at org.springframework.context.support.AbstractApplicationContext.refresh(AbstractApplicationContext.java:627) ~[spring-context-6.2.10.jar:6.2.10]
	at org.springframework.boot.web.servlet.context.ServletWebServerApplicationContext.refresh(ServletWebServerApplicationContext.java:146) ~[spring-boot-3.5.5.jar:3.5.5]
	at org.springframework.boot.SpringApplication.refresh(SpringApplication.java:752) ~[spring-boot-3.5.5.jar:3.5.5]
	at org.springframework.boot.SpringApplication.refreshContext(SpringApplication.java:439) ~[spring-boot-3.5.5.jar:3.5.5]
	at org.springframework.boot.SpringApplication.run(SpringApplication.java:318) ~[spring-boot-3.5.5.jar:3.5.5]
	at org.springframework.boot.SpringApplication.run(SpringApplication.java:1361) ~[spring-boot-3.5.5.jar:3.5.5]
	at org.springframework.boot.SpringApplication.run(SpringApplication.java:1350) ~[spring-boot-3.5.5.jar:3.5.5]
	at com.openclassrooms.etudiant.EtudiantBackendApplication.main(EtudiantBackendApplication.java:10) ~[classes/:na]
Caused by: org.springframework.beans.factory.UnsatisfiedDependencyException: Error creating bean with name 'userService' defined in file [D:\Formations\Autres\Formation\ExpertDevops\Projets\Projet_2\Back-end---Testez-et-am-liorez-une-application-existante\target\classes\com\openclassrooms\etudiant\service\UserService.class]: Unsatisfied dependency expressed through constructor parameter 2: Error creating bean with name 'jwtService' defined in file [D:\Formations\Autres\Formation\ExpertDevops\Projets\Projet_2\Back-end---Testez-et-am-liorez-une-application-existante\target\classes\com\openclassrooms\etudiant\service\JwtService.class]: Failed to instantiate [com.openclassrooms.etudiant.service.JwtService]: Constructor threw exception
	at org.springframework.beans.factory.support.ConstructorResolver.createArgumentArray(ConstructorResolver.java:804) ~[spring-beans-6.2.10.jar:6.2.10]
	at org.springframework.beans.factory.support.ConstructorResolver.autowireConstructor(ConstructorResolver.java:240) ~[spring-beans-6.2.10.jar:6.2.10]
	at org.springframework.beans.factory.support.AbstractAutowireCapableBeanFactory.autowireConstructor(AbstractAutowireCapableBeanFactory.java:1395) ~[spring-beans-6.2.10.jar:6.2.10]
	at org.springframework.beans.factory.support.AbstractAutowireCapableBeanFactory.createBeanInstance(AbstractAutowireCapableBeanFactory.java:1232) ~[spring-beans-6.2.10.jar:6.2.10]
	at org.springframework.beans.factory.support.AbstractAutowireCapableBeanFactory.doCreateBean(AbstractAutowireCapableBeanFactory.java:569) ~[spring-beans-6.2.10.jar:6.2.10]
	at org.springframework.beans.factory.support.AbstractAutowireCapableBeanFactory.createBean(AbstractAutowireCapableBeanFactory.java:529) ~[spring-beans-6.2.10.jar:6.2.10]
	at org.springframework.beans.factory.support.AbstractBeanFactory.lambda$doGetBean$0(AbstractBeanFactory.java:339) ~[spring-beans-6.2.10.jar:6.2.10]
	at org.springframework.beans.factory.support.DefaultSingletonBeanRegistry.getSingleton(DefaultSingletonBeanRegistry.java:373) ~[spring-beans-6.2.10.jar:6.2.10]
	at org.springframework.beans.factory.support.AbstractBeanFactory.doGetBean(AbstractBeanFactory.java:337) ~[spring-beans-6.2.10.jar:6.2.10]
	at org.springframework.beans.factory.support.AbstractBeanFactory.getBean(AbstractBeanFactory.java:202) ~[spring-beans-6.2.10.jar:6.2.10]
	at org.springframework.beans.factory.support.DefaultListableBeanFactory.doResolveDependency(DefaultListableBeanFactory.java:1690) ~[spring-beans-6.2.10.jar:6.2.10]
	at org.springframework.beans.factory.support.DefaultListableBeanFactory.resolveDependency(DefaultListableBeanFactory.java:1635) ~[spring-beans-6.2.10.jar:6.2.10]
	at org.springframework.beans.factory.support.ConstructorResolver.resolveAutowiredArgument(ConstructorResolver.java:913) ~[spring-beans-6.2.10.jar:6.2.10]
	at org.springframework.beans.factory.support.ConstructorResolver.createArgumentArray(ConstructorResolver.java:791) ~[spring-beans-6.2.10.jar:6.2.10]
	... 21 common frames omitted
Caused by: org.springframework.beans.factory.BeanCreationException: Error creating bean with name 'jwtService' defined in file [D:\Formations\Autres\Formation\ExpertDevops\Projets\Projet_2\Back-end---Testez-et-am-liorez-une-application-existante\target\classes\com\openclassrooms\etudiant\service\JwtService.class]: Failed to instantiate [com.openclassrooms.etudiant.service.JwtService]: Constructor threw exception
	at org.springframework.beans.factory.support.AbstractAutowireCapableBeanFactory.instantiateBean(AbstractAutowireCapableBeanFactory.java:1357) ~[spring-beans-6.2.10.jar:6.2.10]
	at org.springframework.beans.factory.support.AbstractAutowireCapableBeanFactory.createBeanInstance(AbstractAutowireCapableBeanFactory.java:1242) ~[spring-beans-6.2.10.jar:6.2.10]
	at org.springframework.beans.factory.support.AbstractAutowireCapableBeanFactory.doCreateBean(AbstractAutowireCapableBeanFactory.java:569) ~[spring-beans-6.2.10.jar:6.2.10]
	at org.springframework.beans.factory.support.AbstractAutowireCapableBeanFactory.createBean(AbstractAutowireCapableBeanFactory.java:529) ~[spring-beans-6.2.10.jar:6.2.10]
	at org.springframework.beans.factory.support.AbstractBeanFactory.lambda$doGetBean$0(AbstractBeanFactory.java:339) ~[spring-beans-6.2.10.jar:6.2.10]
	at org.springframework.beans.factory.support.DefaultSingletonBeanRegistry.getSingleton(DefaultSingletonBeanRegistry.java:373) ~[spring-beans-6.2.10.jar:6.2.10]
	at org.springframework.beans.factory.support.AbstractBeanFactory.doGetBean(AbstractBeanFactory.java:337) ~[spring-beans-6.2.10.jar:6.2.10]
	at org.springframework.beans.factory.support.AbstractBeanFactory.getBean(AbstractBeanFactory.java:202) ~[spring-beans-6.2.10.jar:6.2.10]
	at org.springframework.beans.factory.support.DefaultListableBeanFactory.doResolveDependency(DefaultListableBeanFactory.java:1690) ~[spring-beans-6.2.10.jar:6.2.10]
	at org.springframework.beans.factory.support.DefaultListableBeanFactory.resolveDependency(DefaultListableBeanFactory.java:1635) ~[spring-beans-6.2.10.jar:6.2.10]
	at org.springframework.beans.factory.support.ConstructorResolver.resolveAutowiredArgument(ConstructorResolver.java:913) ~[spring-beans-6.2.10.jar:6.2.10]
	at org.springframework.beans.factory.support.ConstructorResolver.createArgumentArray(ConstructorResolver.java:791) ~[spring-beans-6.2.10.jar:6.2.10]
	... 34 common frames omitted
Caused by: org.springframework.beans.BeanInstantiationException: Failed to instantiate [com.openclassrooms.etudiant.service.JwtService]: Constructor threw exception
	at org.springframework.beans.BeanUtils.instantiateClass(BeanUtils.java:223) ~[spring-beans-6.2.10.jar:6.2.10]
	at org.springframework.beans.factory.support.SimpleInstantiationStrategy.instantiate(SimpleInstantiationStrategy.java:123) ~[spring-beans-6.2.10.jar:6.2.10]
	at org.springframework.beans.factory.support.AbstractAutowireCapableBeanFactory.instantiateBean(AbstractAutowireCapableBeanFactory.java:1351) ~[spring-beans-6.2.10.jar:6.2.10]
	... 45 common frames omitted
Caused by: java.lang.NullPointerException: Cannot invoke "String.getBytes(java.nio.charset.Charset)" because "src" is null
	at java.base/java.util.Base64$Decoder.decode(Base64.java:593) ~[na:na]
	at com.openclassrooms.etudiant.service.JwtService.<init>(JwtService.java:38) ~[classes/:na]
	at java.base/jdk.internal.reflect.DirectConstructorHandleAccessor.newInstance(DirectConstructorHandleAccessor.java:62) ~[na:na]
	at java.base/java.lang.reflect.Constructor.newInstanceWithCaller(Constructor.java:502) ~[na:na]
	at java.base/java.lang.reflect.Constructor.newInstance(Constructor.java:486) ~[na:na]
	at org.springframework.beans.BeanUtils.instantiateClass(BeanUtils.java:197) ~[spring-beans-6.2.10.jar:6.2.10]
	... 47 common frames omitted

[INFO] ------------------------------------------------------------------------
[INFO] BUILD FAILURE
[INFO] ------------------------------------------------------------------------
[INFO] Total time:  30.133 s
[INFO] Finished at: 2026-04-13T19:07:28+02:00
[INFO] ------------------------------------------------------------------------
[ERROR] Failed to execute goal org.springframework.boot:spring-boot-maven-plugin:3.5.5:run (default-cli) on project etudiant-backend: Process terminated with exit code: 1 -> [Help 1]
[ERROR] 
[ERROR] To see the full stack trace of the errors, re-run Maven with the -e switch.
[ERROR] Re-run Maven using the -X switch to enable full debug logging.
[ERROR] 
[ERROR] For more information about the errors and possible solutions, please read the following articles:
[ERROR] [Help 1] http://cwiki.apache.org/confluence/display/MAVEN/MojoExecutionException
